// Jest Snapshot v1, https://goo.gl/fbAQLP

exports[`App should render correctly 1`] = `
<Fragment>
  <Menu />
  <Routes />
</Fragment>
`;
