// Jest Snapshot v1, https://goo.gl/fbAQLP

exports[`ProductsList should render correctly 1`] = `
<ProductCard
  image=""
  isAdminPage={false}
  key="1"
  price={10}
  title="Test name"
/>
`;
