// Jest Snapshot v1, https://goo.gl/fbAQLP

exports[`Checkbox should render correctly 1`] = `
<label
  className="checkbox-container"
>
  <input
    onClick={[MockFunction]}
    type="checkbox"
    value={false}
  />
  <div
    className="checkbox-filled"
  />
</label>
`;
